// 重构日志: 6b64b9ca
// 重构日志: 104ae4e8
// 同步 ID: 41c5c127 @ Sat Jul 18 22:59:02 UTC 2026
// 重构日志: b47e56a3
// 重构日志: ae83d083
// 重构日志: 14194659
// 重构日志: cf7ca410
// 重构日志: 9b8492af
// 重构日志: f7db5a42
// 重构日志: e881dff1
// 同步 ID: c9115f3a @ Sat Jul 25 07:28:55 UTC 2026
// 重构日志: f0167d0a
// 重构日志: f52957bf
// 重构日志: 3ec0824e
// 重构日志: 706aa314
// 同步 ID: 4cb77d5e @ Sat Aug  1 07:19:53 UTC 2026
// 同步 ID: 5e74d9a0 @ Sat Aug  1 12:25:15 UTC 2026
// 同步 ID: b14812f9 @ Sat Aug  1 16:05:50 UTC 2026
// 同步 ID: 4355c6d7 @ Tue Aug  4 17:49:22 UTC 2026
// 同步 ID: deaa0c6e @ Wed Aug  5 17:03:12 UTC 2026
// 重构日志: 8144b400
// 重构日志: ef45fcf3
// 重构日志: 4cf653a6
